# hmmsearch :: search profile(s) against a sequence database
# HMMER 3.3 (Nov 2019); http://hmmer.org/
# Copyright (C) 2019 Howard Hughes Medical Institute.
# Freely distributed under the BSD open source license.
# - - - - - - - - - - - - - - - - - - - - - - - - - - - - - - - - - - - -
# query HMM file:                  /home/ehobbs/Projects/InterProScan6/data/cath/funfam//4/10/75/10.hmm
# target sequence database:        mini_test.1.fasta
# output directed to file:         funfam_4.10.75.10.out
# model-specific thresholding:     TC cutoffs
# sequence search space set to:    65245
# number of worker threads:        1
# - - - - - - - - - - - - - - - - - - - - - - - - - - - - - - - - - - - -

Query:       4.10.75.10-FF-000001  [M=50]
Scores for complete sequences (score includes all domains):
   --- full sequence ---   --- best 1 domain ---    -#dom-
    E-value  score  bias    E-value  score  bias    exp  N  Sequence      Description
    ------- ------ -----    ------- ------ -----   ---- --  --------      -----------
      2e-33  115.9  37.6    2.5e-17   64.4  14.8    2.0  2  P22298         
      2e-33  115.9  37.6    2.5e-17   64.4  14.8    2.0  2  Panther_again  


Domain annotation for each sequence (and alignments):
>> P22298  
   #    score  bias  c-Evalue  i-Evalue hmmfrom  hmm to    alifrom  ali to    envfrom  env to     acc
 ---   ------ ----- --------- --------- ------- -------    ------- -------    ------- -------    ----
   1 !   57.9  14.8   7.9e-20   2.6e-15       3      50 .]      26      73 ..      24      73 .. 0.96
   2 !   64.4  14.8   7.7e-22   2.5e-17       2      50 .]      79     127 ..      78     127 .. 0.97

  Alignments for each domain:
  == domain 1  score: 57.9 bits;  conditional E-value: 7.9e-20
  4.10.75.10-FF-000001  3 seKpGsCPavekagallnckeeCesDsqCpgkkKCCengCgkaClvPv 50
                          + K G+CP++++ ++l+++k++C+sD+qCp+kkKCC+++C+++Cl+Pv
                P22298 26 ALKGGACPPRKIVQCLRYEKPKCTSDWQCPDKKKCCRDTCAIKCLNPV 73
                          5799*******************************************5 PP

  == domain 2  score: 64.4 bits;  conditional E-value: 7.7e-22
  4.10.75.10-FF-000001   2 vseKpGsCPavekagallnckeeCesDsqCpgkkKCCengCgkaClvPv 50 
                           v++KpG+CP v+ ++++ln++++C++DsqC g+ KCC+ +Cgk+Cl+Pv
                P22298  79 VKVKPGKCPVVYGQCMMLNPPNHCKTDSQCLGDLKCCKSMCGKVCLTPV 127
                           789*********************************************5 PP

>> Panther_again  
   #    score  bias  c-Evalue  i-Evalue hmmfrom  hmm to    alifrom  ali to    envfrom  env to     acc
 ---   ------ ----- --------- --------- ------- -------    ------- -------    ------- -------    ----
   1 !   57.9  14.8   7.9e-20   2.6e-15       3      50 .]      26      73 ..      24      73 .. 0.96
   2 !   64.4  14.8   7.7e-22   2.5e-17       2      50 .]      79     127 ..      78     127 .. 0.97

  Alignments for each domain:
  == domain 1  score: 57.9 bits;  conditional E-value: 7.9e-20
  4.10.75.10-FF-000001  3 seKpGsCPavekagallnckeeCesDsqCpgkkKCCengCgkaClvPv 50
                          + K G+CP++++ ++l+++k++C+sD+qCp+kkKCC+++C+++Cl+Pv
         Panther_again 26 ALKGGACPPRKIVQCLRYEKPKCTSDWQCPDKKKCCRDTCAIKCLNPV 73
                          5799*******************************************5 PP

  == domain 2  score: 64.4 bits;  conditional E-value: 7.7e-22
  4.10.75.10-FF-000001   2 vseKpGsCPavekagallnckeeCesDsqCpgkkKCCengCgkaClvPv 50 
                           v++KpG+CP v+ ++++ln++++C++DsqC g+ KCC+ +Cgk+Cl+Pv
         Panther_again  79 VKVKPGKCPVVYGQCMMLNPPNHCKTDSQCLGDLKCCKSMCGKVCLTPV 127
                           789*********************************************5 PP



Internal pipeline statistics summary:
-------------------------------------
Query model(s):                            1  (50 nodes)
Target sequences:                         15  (5730 residues searched)
Passed MSV filter:                         2  (0.133333); expected 0.3 (0.02)
Passed bias filter:                        2  (0.133333); expected 0.3 (0.02)
Passed Vit filter:                         2  (0.133333); expected 0.0 (0.001)
Passed Fwd filter:                         2  (0.133333); expected 0.0 (1e-05)
Initial search space (Z):              65245  [as set by --Z on cmdline]
Domain search space  (domZ):               2  [number of targets reported over threshold]
# CPU time: 0.00u 0.00s 00:00:00.00 Elapsed: 00:00:00.00
# Mc/sec: 222.66
//
Query:       4.10.75.10-FF-000014  [M=45]
Scores for complete sequences (score includes all domains):
   --- full sequence ---   --- best 1 domain ---    -#dom-
    E-value  score  bias    E-value  score  bias    exp  N  Sequence Description
    ------- ------ -----    ------- ------ -----   ---- --  -------- -----------

   [No hits detected that satisfy reporting thresholds]


Domain annotation for each sequence (and alignments):

   [No targets detected that satisfy reporting thresholds]


Internal pipeline statistics summary:
-------------------------------------
Query model(s):                            1  (45 nodes)
Target sequences:                         15  (5730 residues searched)
Passed MSV filter:                         2  (0.133333); expected 0.3 (0.02)
Passed bias filter:                        2  (0.133333); expected 0.3 (0.02)
Passed Vit filter:                         2  (0.133333); expected 0.0 (0.001)
Passed Fwd filter:                         2  (0.133333); expected 0.0 (1e-05)
Initial search space (Z):              65245  [as set by --Z on cmdline]
Domain search space  (domZ):               0  [number of targets reported over threshold]
# CPU time: 0.00u 0.00s 00:00:00.00 Elapsed: 00:00:00.00
# Mc/sec: 333.92
//
[ok]
