{
    "Should run without failures": {
        "content": [
            {
                "0": [
                    "sfld_out.processed.out:md5,d41d8cd98f00b204e9800998ecf8427e"
                ]
            }
        ],
        "meta": {
            "nf-test": "0.8.4",
            "nextflow": "24.04.2"
        },
        "timestamp": "2024-09-23T10:12:53.071585"
    }
}