{
    "Should run without failures": {
        "content": [
            {
                "0": [
                    "hmmscan.out_ass3_output:md5,d41d8cd98f00b204e9800998ecf8427e"
                ]
            }
        ],
        "meta": {
            "nf-test": "0.8.4",
            "nextflow": "24.04.2"
        },
        "timestamp": "2024-09-23T09:27:20.037785"
    }
}