{
    "Should run without failures": {
        "content": [
            {
                "0": [
                    "hmmer_parsed_sfld_out.json.post.processed.json:md5,1f508952d69a15ab6953be4ca608b84c"
                ]
            }
        ],
        "meta": {
            "nf-test": "0.8.4",
            "nextflow": "24.04.2"
        },
        "timestamp": "2024-09-23T16:03:14.516031"
    }
}