{
    "Should run without failures": {
        "content": [
            {
                "0": [
                    "hmmer_parsed_hamap_out.json.post.processed.json:md5,f5293f31aa0ceede347a5e83717670fd"
                ]
            }
        ],
        "meta": {
            "nf-test": "0.8.4",
            "nextflow": "24.04.2"
        },
        "timestamp": "2024-09-23T14:28:14.876145"
    }
}