{
    "Should run without failures": {
        "content": [
            {
                "0": [
                    "hmmer_parsed_panther_out.json.post.processed.json:md5,5caf6724de8777edfddeda4e98ee8d80"
                ]
            }
        ],
        "meta": {
            "nf-test": "0.8.4",
            "nextflow": "24.04.2"
        },
        "timestamp": "2024-09-23T14:34:23.463589"
    }
}