# Generated by cath-resolve-hits v0.16.10-0-g99edb28, one of the cath-tools (https://github.com/UCLOrengoGroup/cath-tools)
#FIELDS query-id match-id score boundaries resolved aligned-regions cond-evalue indp-evalue
929DAA6772F74C7C5B5FB5B454E3D463 2.170.130.10-FF-000010 126.9 51-177 51-177 1-62,51-112;64-93,113-142;98-131,143-176 2.6e-41 1.7e-36
C84B0963DF32B12896E7154FF7B073AD 3.40.1170.10-FF-000001 175 7-126 7-126 4-94,12-102;96-118,103-125 3e-56 2e-51
C84B0963DF32B12896E7154FF7B073AD 1.10.1420.10-FF-000002 160.6 400-516 400-516 3-117,402-516 9e-52 5.9e-47
