>0008FBEF8899F159525153FD741BE931
//
>005FB6FCC163229DF81B387503BE26C7
//
>00670E037E7664EEE129BCDD73C84ED5
//
>0078C86D89C6F9CD59D512C54531A851
//
>00CD6991AF949A0CD349A6A59FFA3927
149 176
//
>016B7F89933EED9C48DEF2EF4F69DEFB
//
>01C24B3018C6104DC8239D237BDB84B4
//
>01E374B233D56B02B4367E973924A8C3
36 56
//
>021D04E84740835A635FE7882300BBC8
//
>023BC43E4193F6D39417CF558F5D6488
88 108
//
>0241455C156B8A43688E883C4FFCC6E8
43 63
//
>03194F98ECED897154FD7E4759E3DFCC
//
>034BF33E1C8A578B69BE4D3B20168800
//
>03C9BB1D0585E74468E1411D92D60284
//
>040BB421649D3D3C884DA5BBE5F8A9F0
320 340
//
>0421A245EAC3008324192F7B723B13B7
//
>04B16C0DFC4F823E0298E675F6DFE7F7
94 121
//
>04E0DDD02A8B6EF784CFD9CEE3F589A7
//
>04F20BE6E6E1BE3B7CED8903158C8FE7
//
>0636023667C28AB6D897F7106FC93BE4
8 28
41 61
//
>06B41D598EE08BCCBAE2AA28034BA1DA
111 138
149 169
//
>071DCF701609AFCC3F3952C5F6212F97
1130 1150
//
>07426570768059C4B01CFF7A0B00E97D
//
>07548852CE27C70BCC37F1AD3870EB13
//
>07588CC793B98AF0D3B0B92BD8750C4A
//
>07CDA0B6AD2B66552D1E8518ACED6D23
//
>080A984CA446817DB5C3F73D61E50779
//
>083C04ED7C058F5EF7BEE42E55FE3FFB
//
>089945FA8399B851DC1953B5BF5C530D
//
>093EE7A39AE3795C84304F74891D15EF
//
>09BC418DC961EE9A7DEDFBF3FDAF959E
//
>09FD38B3641A3A0513078D6636172AD8
//
>0A038CA47ECA585FEBB9F6EF53338E81
//
>0A0D5D5856C8D2D27FF6B451A9546179
417 437
//
>0A36F2D2A945FF7BC0EB4E43CE46A39C
//
>0B466820E76097F35B0BBD7DDE6A9D46
//
>0B9655A65BB7C55E31D6853158088CB8
//
>0BC9C2313B3514A3FB5A7B68CDA61570
//
>0C23E8F124494BEE13CCD61783AF81B4
//
>0CCD34BA47EB4CFF5EE301D6F1EE0548
//
>0D15692814DA3C5417B521D59FE623AF
//
>0D86354D1B24E265AB1637996311D103
//
>0F4BD01505377C204B24F3C19111E45F
//
>0F94F5A143229CD27AE7064577AA8835
//
>0FF3A23CEDCAA14B1A596B71B7D7B8EF
//
>106A52CAA6DA5776BCFD2DA1D90456F9
391 411
414 434
//
>1072E23A1A26EBD1EAA08A36DD243A10
//
>10EB8042EC03252BEEDE5C11DDC49926
//
>117C1619C091F7545DA15C0A2E476598
//
>1192592BB0871743DC6A985DAA36444A
//
>1199B1190D4E0432610374F5478BCF84
//
>11CE3292552CA362FB3811864AE3F2C0
//
>11DECCC8CE62FE664C87B18BF13E04CB
//
>122C4F9233F7AB6F3669BD6507201CBA
//
>12626DD58ED1AAC515F3004A5F02EC81
//
>1300C3DB56D0C5203BD97BDBBB431CD3
//
>13D26FCC5D179441A2DDC15E0E326A1C
//
>13E764225116F4817FEAE5EFDF7F63AD
//
>13E84194ED1ACEEC15F3BE544012674B
//
>140C03BDFAD9F87B3DF5599EEDD06530
//
>1436AA4ED0E61D4987730058642AE3D9
124 158
180 238
//
>145AF2FB9D904CAAFA2FD9FE8E83C8F8
//
>14AC25B2898BC98E6B27C083EB7C3797
35 55
//
>14C861013DE04159965CEDFFC6DABD06
//
>1546DD618292AA27B6362791EC07B123
853 873
//
>1551E40CD15C62FE43865D9E8F819EBC
//
>159BCE94EB7D5EA726CA98F12187DBE4
//
>15A69498317F2D174D4547200CF72DBA
//
>15F37FDD7FC5457F68DD972F4FCC69B1
//
>160A5C220AB0613C340FBAC7176A6109
//
>163BB035AC8B07BCA9038889919ED980
204 224
//
>1667B4A6008536FB9E386D9901042FA7
25 52
//
>16C5F652B161DDE3150AC043597160AC
//
>1726B05363048656CCD6EEDA480C5451
//
>1735EF488F53E286B7A79A8787E1FF8D
//
>1756A34721F957C1DE807FD20B5D7A0D
//
>17B67863A9C22BA6ABAA77F6679672B7
33 53
//
>17E6F9FAEDF003B9466EE966E62152B0
//
>1803ED6B97439D955C59FD352F031CE1
//
>187A3646AD3DCC6C691483D8D28CB5F4
//
>18FD3D38A6F299A93D365F5A6253E49B
//
>1936BD69F8B4DF4A9CEB8F854D291BA3
//
>1A1477F93B4BB5E195ADDC3036AEDD19
//
>1A670C8F0DEEB589436FA006AFDCB4EF
853 873
//
>1ACB7F4A2E89ABDEA80A0AE884FD297F
//
>1AF7E910E321E8AAC0DA93C313758850
//
>1B6E20F637A7C046E2C3072D7AF3E620
//
>1B9EB6AF1B177A04C55F0F426D5C7430
//
>1BF8618A1019A7360172708281AF63EA
//
>1BF95FBA160A3493293583EA46AC0865
//
>1C1A79EC728B5D1AF294D7CCC62D082D
508 528
//
>1C573551FE1FA7691F0D4698C213DEDA
//
>1CE2171FFF6C1B6869132F49024EE8F0
//
>1CE319B583CC7A17094670889E71446C
//
>1CF92556506BD2E7CD5DD023584E1D5B
94 114
//
>1CF9A1A8D3FFE017EF9736AA46A3B98F
//
>1D39E4FBF136FB3F17ED61EE4A270DAE
57 77
//
>1D3E77512135393989DE31EFB56A6B14
//
>1D440DB26F4107A70E0937E18685D90E
145 165
//
>1D483C988FDD3789998074E90696098C
69 89
//
>1DA6548445335932D1BBE6FD9F037F2C
//
>1E1AC7024DA08F348B9B9300B6AADE23
//
>1E9762519993D52DB2BD17B3EA3C95A0
//
>1F017B06031B717A30275A8199E86BE9
//
>1F95EC34AAF34DC47C0828ACF977A8BC
//
>1FA1777DFE451096500E511DB80FF75B
//
>1FD28E36D4DD756AA27A779F24409929
//
>1FE92AC193FC1AA28D721FBA2147324A
//
>20EE827228055ECC82E593CDF29BD696
//
>2120FCF5E519B7F46D0A289D2B2C097B
//
>215FDB13E6D56B07318A74F01A78FBE1
//
>21E7242E0AF9A014D8C1D6AC188ADADE
//
>22469DA245EE0AC210DCF1E38FBD14D0
//
>22642BA73A84B182903361CBF9AC50C3
//
>22C041369335B70D712887DD5E1FEAF3
//
>22DB61664D3E4475E07FCF81DA3C906B
//
>22F9D44C302CA925F3B2C95DA5C10037
//
>2381A726366A2D5A2B375D98A63619C5
//
>24A9A3BCD8204C7DF6682EEF3C97515F
//
>24FBF7DC3BBECC452D135961E9C0694A
//
>24FD2E88B1B7402629EEC1C925CBB155
//
>255B6EAF369319B45EAFFF841151D5C6
232 252
//
>2570E6B5C03A0D65E2B2915ECB3C6168
//
>2571B5F38E93FBAEE8049A5B335574A0
//
>25FF195834652E548190398D088AE281
//
>260737E83B4C5888CB138D40E10A49A0
//
>26325F7E629E15D3C32D2D8739089164
//
>2636741731F99BBC7981C0771A43E29D
//
>2640CA9CA1BE8858768BA6414E60EE30
//
>266BAE8CC127870BC565E8C87811FD24
//
>26ED17A59C10EDE62C9BFA925FBF7406
7 100
109 158
//
>277FBFEB60273C99FAD2A5AA44D3F02F
//
>279DB8645D41C11E8EAF398DEF2102B4
//
>27CF95487926786B1A37B52C63E4AB1F
//
>27DD42EC73C0A0332CBD3352FCD1CAC1
//
>27F98D0A708EFB18924274F39CAEDC65
//
>28406EFFB6852E05EDE72B5904BBE952
//
>285AE4EC16DCB2FC689870192E2F511B
//
>28DC089B1062B97A54DC5EDF3DCDA9AC
252 272
//
>2925A3F197B2D435FE806070F6AE4610
//
>2932BE0937B152A5B2815803AD32294D
//
>293DC79B073A111BE53DE80CA80C36F6
37 74
//
>29445A11DED88066412641A49BD5994F
//
>29D87095E9504C1FE596B103893E660B
//
>29DC11E43EB6DCF6D15109C215CEED70
542 562
//
>2A032E917C414ED9CB22ADF8A8E4F0CE
//
>2A55FB59B0FF6B2342BB618C292D7FBC
//
>2A71D9B26D4D505C11DA9D4E6B17E820
//
>2AD3C256CF963FBBD2AF70B79EB5D4C2
//
>2AE5167928502102A3F039D07A6B8871
//
>2B4C3C9F3B7E857F638EE2E298A74AE6
//
>2BA72A2E8D957EC4C27050DC2077AD5E
54 74
//
>2BB71149AA90CA3921C51E3936005F29
//
>2BF6B15991F74A0EE8EA89ECDF1D8123
179 199
//
>2BF831062CE45A917DF115315BE5DD0D
//
>2CC341F5AD7BCC680CCF97EE73B14159
//
>2DA029E941989AF0EA1EF1CD9750723E
//
>2E26C1A80638CE3F099A0B435E047602
//
>2EA8AB5C128104B260718ACC2A9D643C
//
>2EC7184554D547CFD68523C5A3737F80
//
>2EEFEF3BA1B95C26B748DA22F41FA579
//
>2F098BB3B299274C2033024E0E6FF456
//
>2F88F878BA8F041770AB443F3A92ED9A
92 126
137 164
//
>2FB404CB7EC5F570E6FD8F241FA098B3
//
>2FEF4AA55B55E1CF7A6E8B5E0001B01F
//
>303CCCC4E7D893FA2BE5BB28134415BF
//
>305005AB13233FEC194DC4705B9D5789
//
>307FFBE99B5E880F2CA1249FF3DC80BD
//
>30D27DA812C3E4003DE3D69D63D16E41
61 81
511 534
//
>311EBACA0FF196D177A3999FA11F3FD1
//
>31251FF47491A00D0373320F966E1BCF
//
>3197873B6DADA4D403D911637EB7E9BF
//
>31CB21C960DD03DF4D977C0980027ECD
//
>3232118100734BAFC818C9D7CCEF94CC
//
>3278EBDF9E31EA800F6F69FE86B705D3
//
>32B1DC09CD93DAC5E25F0A6F676C4027
//
>33103B851CDDDE676D631AB87773D1FF
//
>3345205A54961B7FB2B5A659BA75C7D0
//
>340631863C763D6F857B7CDCDCB50571
//
>34A771FDF508532B7480079B210F4D58
//
>34B3AE4EC2FF5F21C4DFF14E0371160D
//
>352D943724C4BB126CA16E7077BC12C0
//
>358C32BB6B07892AAAFB64DD0AD19277
//
>35C422661248B30618A7929326B6F174
//
>35EBF9FDF2029A9E1796B1A48A29AD28
//
>36C507A9EEDD82A1372E416CEFFBA7B1
//
>36D024E0F316189A61A6040CEC52AD28
//
>36E130D6655D278EDD2E7B86906496CD
//
>36E745FF086CF840F3377E950A5507E4
//
>36F39A668D6D1580754AFA28A342C9C2
//
>3728250538683D6D3C72AF039EB14D17
153 173
//
>373A3DFC8FD82647B6456FBCA78EDBCA
//
>379C36A3A5C6A7B067982D50493E5123
//
>3800BF9BC5972BF5A03C8FC54D1EF71C
//
>3833EA10D8B15CE00DDCEC921C263E21
//
>3858B10C6D4C9F60B255029141CFCC81
//
>38B1D8E13C8338C0079E52992151719B
//
>38DD86E35A3C1DBA778CFA73727F88C6
//
>392F3204CB1D31EDB42A8DE01F9F31CD
//
>39F3D1109C27F95ED49D09F0509EEF5F
//
>3A140A1D8CDDCA32FEA23C9CA8FEA726
//
>3A1D62E944B2056DCB827F76E10D56A2
//
>3A8CA5C8853008B8BA8169C8ABA5AFFA
//
>3AC8B80133A32917D46C83647AD1E245
//
>3AE9681EF7A21C3F988A512A58438C01
//
>3B4823C07DB0092C0676867937C01824
//
>3B4BB803DEB9996661D404AE554123B3
255 275
//
>3B79DFB95EBE1C2F5188C3547D806132
//
>3C40B89B5B6E2AE76881D149C14A552A
1 21
//
>3C8CE1DAC73953AD41A7F99644B71AF5
40 60
//
>3D19418D4983DC25106D4005A240541D
//
>3D8FFD3CD686F2C5973D04F31F47DDEC
//
>3DF65CEF8FFA0DAD38E7DB474794B3B9
//
>3F3F20D7B5551DF6E519DD288E9422AD
//
>4021B2BAC453CEE99635D7BFFEF04C55
//
>402F69D3ED0C70799A463FA200B7A123
//
>405580D240A41BEB15CEAA7E34091669
//
>40C60F5268BAC20BDDA311D4A18D74A6
//
>40CD2AF387CFEAFCDB772BC58C4426E5
//
>4160C59821887FB1ED97EAA301BBF090
//
>4190F7168D0A867925DA7FA903AFF39C
//
>41DF34164C4F5DD8460591D590C9D7DB
//
>42239AD7EEEFD88F0DAEF3887CB2459F
//
>4242117342EA145CBA1BAE8A5F9CD158
//
>427BBFFA22D1015B7AB07F1C2CEFF37D
//
>43317CFF4C4E546048C4A3158C9ED329
//
>434786827541176FE0238A23C5CB47E6
//
>4348897E92E3C03B8E5F85512B639611
//
>4382ECB1AFAA222F26FCDF69B2AC80CB
//
>4396AC531CD1CDE1E8501A2FBA62CF81
//
>45260408E76A11F73F9E4D204C3B67C7
//
>4598A0B04200AFCB83917897FA619EE0
246 266
//
>459A6EF48302B0B3CEA4B8976204CD8D
//
>459DA627D4410AF4ADE2E03EFE984049
538 565
//
>45F7AACBE2A1DAF286D1EC0521E57FBB
//
>461C215BE7FCE36103362C1F098E6270
//
>4663013CD6E68B6FFF59AC616E463C2C
//
>467E9A519A70749C1AFD200C50873841
//
>4694B46F5D47753F46C28D6C89BDD30F
//
>473F6C96C6D061E7D56B3EC55C4A4FE4
//
>4797155329B48A5D0C038EAB8BC2D67B
//
>47BCEF29E53E2B91EF3CFDB6BA438B0E
//
>47C7209E62BA2BF180008EEDEDD76893
//
>47FAAE57D29048224E120754D089D62C
//
>4801737BA755C8B6AE4F62CFDAF8B0DA
//
>48172EBD2CE22FCA71CE29B93625B02B
//
>483CB71381F806E575B8255F93F91D0B
5 39
51 92
100 155
//
>497E2DA56BF6760996A0F1B532C0776A
//
>49B634CB15858EC3B613C9F3FDCD7B1F
//
>49D18E8A08FB871E4E4FB86AE07FC20B
228 248
//
>49F33725EA3200A5EBED15D31639936D
//
>4A03B83E0DE3BCCDC20E362FAD56AB40
//
>4A14BED0C2A5E40DEA3FED5A11B166D6
//
>4A96E1F985A74B097F63C08C40D22C57
349 376
//
>4A9A83131AE644C2BC31A15F3BB728BB
//
>4C07264B435E5A5E1BC5C9641A85B65D
//
>4C4B6C797DB79801FA8DA57B0A033552
6 33
//
>4C6CA168E2A926D4FF0D1EE679943712
135 176
//
>4CD1CB4E61A38C53DD36BE1E7AB8B488
//
>4DD9BFAF2DF6488902D2B9206E83171B
//
>4DE0BD5D70A50E6AFD6CB116EC2BCC69
//
>4E276F2C45210697C61FD861F08C2D13
//
>4E363152995A370F153B281EC5AA0570
//
>4E76BFFFEB5D6FA5CF0FD83FB561BB1E
//
>4E7B9DB160E889083DFF5F9DDCE7B5DE
//
>4E84F962E0290DD56760C04186AB5651
//
>4E8FA74B92FEDC165D52D7FDE1F44467
19 39
//
>4EB04A0EFEF3DADA76A33D83CE169E0B
//
>4F05E0699F16037B8B0C2CBFAA4AE6B3
//
>4F0B5AAE81FA35D14152A08763E42175
71 91
//
>4F143A2269CDCCF7A5D5378C272BB9D9
//
>4F1775AE7EE3EEB708F1172890A03C23
//
>4F35E83CF80BA3292A12EAF19F36CE33
//
>4F36545D6E1B1F250655A79C34E1B0B1
//
>4F5467ADE9C9B4AF855865FCE8F8A186
//
>4F62747FB27E356C843490026D7331E9
//
>4F67D4B63409333CE5A81804B663FEC1
//
>4FCF40674E8D4D7FE172693EE4160682
//
>5027E175B584B1B47EBFCB8179066AC6
//
>5066EB051FC31B6E5250923C2B3133BB
//
>5066F833C4B058733DA930226E85CB36
//
>507E725691DC1CF9333898B784D88C75
74 101
150 198
//
>509A776BDFE4BAEF48DC2791DA656F14
//
>50AAADA76B3A26EB775FABD158A00D3C
//
>50CABCE7B986EC97627AFF7C4E823E79
//
>510801BD7ECBCF16DCF5C7BD90005113
//
>5195C3145EB12D4D29F3B70D13BAE378
//
>51D341AAF78A2E6ED423B2B5A2507466
//
>51DC03ABFDD912E18FBD7B04176F99FE
//
>5202A19BAD7F948D6B79852CC307589E
//
>5207DF5BE34993B35A6376D953AFF502
//
>525445B1C3DBB58680DE0247026E5F32
//
>525AEFDC2F1B28B7B654F2E8C08EB7AE
//
>527C9887E4A114A5DF2C8C2E831CDC71
//
>52C38B93D99729B45394583E3812DF7F
//
>52D71CBCD946DFF032A9926553825AB4
//
>53439CCB4D5ABA91F1BA592E6EF582F4
//
>53AE73A674C86BDD8C5DE280076F91BE
//
>53F39090D31EDEB5A247CB4EB3CFB0A7
//
>54127FDED8214FDBF953D9814D6B8747
//
>5423F3786751C3C22B5EE48C99EF0AEC
//
>54720F5F51E8C56BB323C263E1A16F7D
//
>54D362FBC04DEF25C47CEDFA56435267
//
>5528D5040E2A84C081CFF276F34D570A
250 270
//
>55493BE202D94CBE5DC5CAF04E4529C5
129 149
//
>5566BFA5D68D7F4E9AEDDACA5C5F2805
//
>55E56DD3F35D8D0FF07E2052503C292F
//
>562C80B5BE439691644B5072C6616D1D
646 666
//
>56579B46E0308C733B6DE4303FA7E08E
//
>56D324DBD79ADD8C5272104C19D12FFB
//
>570F74B170E8D635A6BF2B7ACAAFF52E
//
>5719F2B3E0246892468380B4115F6B11
29 49
147 167
//
>5740C217960195EDDCB2A74D81F5B612
//
>5769BCA6731C4F302A6DBB107F889C7B
//
>57FEDBA8BD5E57949842E4CE78D59C74
101 121
//
>58338AF2A7FF9A5020AEE204DF487758
248 272
//
>58832CEEE3E5CC07650437167D61A3AC
//
>5926D9BCD38FA578403D9961D2AEC76E
//
>5944042EA95DB9B42F947C16540D24D8
//
>598115D1FB23DD037B6937DC5B11C7A8
//
>5988490A60DE3F00981732E23114FBA2
//
>59A19983CFBA4A923686489CA32F7E25
//
>59F970CA353721D7ACADA120B539ED0D
//
>5A5D5390E66DAFE0A91AB267BF014E65
//
>5A73C31C5EB09A3C66F383D587EEFD85
64 91
//
>5A8B7AE369F092C835258F565D340719
//
>5AB5CA8F4120DE31226BD6F7AB4FAAF6
//
>5B16CB703504980EBA23A01CED6CF9E5
//
>5B4FBF11558D16BDF7D5DA41F03CBBB7
//
>5B5F6B5057A2C0EB0FE13B36FAB13438
//
>5BF508E3A0B10CD6B7961ED01897696B
//
>5C9D2760CC929132BD6A9E4B54C2AAE1
//
>5CA6E4E3651502D04C0C2BF18AEF6538
//
>5CA8C5486C0FAF9067B24EB835BC7E23
//
>5CABF81E868D5C5A510BC05F47BFEC4F
//
>5CC03A67D8AAA2CF3001C9DAE6162D18
//
>5CDF2587BDB67BB883A98B75869B5F05
//
>5D0B0C12D397FBCA6E858EF28308D6B7
//
>5D210503ED497824E568509C94A69C26
//
>5D4C3830A961EAA8AC6A5B817891116D
//
>5D6F7A10832BB5DC56AFCE62F135A20E
//
>5D9619EDC70B9958074E41BD06B8892B
//
>5DA7F43D5A53A070D98EE7DE05A94445
59 79
//
>5DACA4BC135C4EAA577623C38D18B5A7
//
>5DB2E94C42CC400D38BA772D120775F2
//
>5E3CA37B5A043A5A4EE07AA66A685561
//
>5E826C1CF6C22EE282C7114A267B28D5
//
>5E837E74BCE1C2BF2C6DA0B40E731A42
//
>5EBD7E9E12C2FE91AC479147E031D4F9
//
>5EF790A3B3DA9884228396F9BB594EFB
//
>5F0CB6F1329CEDDFDE86456614D99386
//
>5F1E301E04F94A6656E344EBC8F7364C
62 82
//
>5F399C5DABFFA5427C9E829242C7952F
//
>5FDCDBC59F3403D910E9219EA0690C07
//
>6081AB2EAB03D61FCF6A2E2B654125E2
//
>6098B439D7858532AED3DA11185EF021
29 49
147 167
//
>60B9AA3B96BD5A4A83265F0859813FFE
//
>60DB25B2512137B1B2053929C6F1D07C
//
>60E1EAEC41EF25B33BD0C8C494D9BCB5
616 636
//
>61079DD539502A38596A82017CE534E2
//
>613747964560E3B22DF326D38AA79CCE
//
>61865AF645854FD6CBCE3F796CF72038
//
>61CDE97F5A118B9FA058A6AA4AF4CCC3
//
>61DB93F819B64F07C76AE0CE6B025E16
//
>622DF64D6474ECC10B179A8D1FCBCF42
//
>624A7FFF03EC0738558936458559E799
//
>625A475E910BDB9008BF0047AAE77D8D
//
>62F5006B31B7B855AC50BD19A8C42B14
//
>63B8A3233874DD4E7D4D42C6B313F534
//
>63E620A06F678614A168434D2615C2A0
//
>63F979FECC9C62C9C3192A837ED01A5D
//
>6407450D5E9122E8762DF6187D5BC17B
345 373
//
>641A295D4BBDDC9A41E3EBB03D4E54C7
//
>641DE6785A3E5C7F5449B81F0026F332
//
>641E4E51E27CFD91851789D499A15806
//
>642455835F7EB1AF5EBDD320C73992C3
79 99
//
>643AD1748369F5D8DD72F721E352CE93
//
>64634D28AD957E60906B59B240932CC9
//
>64BB470E74A40852A7987E5756BFD6E7
//
>64FE6442B0B41CD24D0B3A8A5911A4B6
213 233
//
>6506A5AEBBDFF57FD6B4F366065056B5
//
>65102C0BD378953708BD89FB218B1991
//
>652A9DC48F7BB700EEAE45E23A3E77CE
//
>6579B6EDB72CABDCDE24B1AB4F98967B
//
>657AA005EB57ED557AE23409BE2FD192
//
>658975759A48CDAAF3D06C8993242451
112 132
//
>65D53D648604B08C3F6DFD7DB5847C5E
//
>6617C8915AF73FC8A8E2BD6C55557AFB
//
>669DF29D2E33C5C70FC04EB905D29650
//
>66AEB67CF93C867309BB979BDA5468B7
//
>66B0519645170793091B3352862FBB38
//
>66D876F278AAE121DC38CB32F80FB955
109 129
//
>672A17D958802F9A7D8BB91097499BAE
//
>6734E03C844E0E20B5EFB4CB2B1C9834
//
>678DDF948F11104C5066F672E2BCAFFC
//
>67973B17EDD31D8A2879D7EF5178A588
40 60
//
>67B8B723B97B207669EC065BBE5B5DEB
//
>680019ABC64D85532150F139AE477514
//
>6835F769134C7C66058E3BE91A9610FA
56 83
//
>68A2CE85C0707418B4C2F613E7C153D0
//
>68CAA1040F05DBFF2AF8B4028A6027FD
//
>68EEE1853237098482299234A0F29593
//
>6934BD1EABBACD9025867A813D640FE4
//
>69394A695716A543FD5F0CA7FECE2354
//
>695874738BEAE14A6270A2C4A26AFB8A
//
>69BB625CED264EA11A384271F1EA8231
//
>6A6E99759FD1BA8634093EDF7E7BFF67
109 129
//
>6ADD1DD29D2FD29EAC6427A3C61E3736
//
>6B04041108A8115CBD0A8831049A1314
//
>6B09CAC4848618ADAE58A1906B9DA9EA
//
>6B53EDD3AD4F080A7C3D7504A33F7244
//
>6B680E473A446DBAADB42E33FCF3CECE
//
>6BE1EBAF380EE38BCB4E048CBFE5DB02
99 133
141 161
//
>6BED0E8912D119D1C92898B4E4ABD1E9
//
>6C4A5428B81204A01D0F8EE1E0D62656
//
>6C68DE04BFFB4C10040882CB101415B3
31 51
//
>6C95D2D18BD40E2F70910037065EC5A0
//
>6CB5C87F137D316BC25181F17855FCD6
//
>6D5DF3D1318815A6CE7521A84812EB1C
//
>6DDBD4C7D88EB569D94EF6521B7803FE
//
>6E0F393BEF7D3D37216BB023B98F2ED4
//
>6E60954F0AF6179295B5F477B1558611
//
>6E60BAB2F5D26DA6EB489ED80DED8162
//
>6E7CCC68EA2308EE658BFB01896B4DB7
//
>6EE76D6DC7510AD26510F3DED093A8A4
//
>6F08F617AC433D06D360BC29B7EDF8A5
//
>6F1FF82899F1096602106652704B327F
//
>6F6D1EBCCB7461377FB0ADDA072B4E97
//
>6F91BD4079368D477D8622213F693046
//
>70B64FB791A797F3C2979D47EBDA5564
//
>70C9381D3268AAE39819AB79404C8D11
//
>70FB828114484E1A85BBC7026F0D2A94
//
>7146F5B5441856168148132E99ADAF65
//
>716CDB068DC7BD10E155698FB245A513
//
>71D8EAF827BDAD03C23612527B101218
//
>720424B8947122100D379AF3C6C398CD
//
>7219B3A02500D55DF04BADD6D490429D
//
>7266035D1F91458F355BEFC17B256A75
//
>726FBB13167B55543C59342400E4D082
//
>73120EAAA743B19092B2E956E8C1A3C5
//
>73D43D0EA42205363606439BABD16662
//
>744A0CADE3C627A190B4A6FA6469AE79
//
>747EC33BAF40F15F30273FF1BF2916F2
//
>74EBE70D2EE0DAB686F84638855ADAD4
//
>75226437212A625825F44D004E0E1050
//
>7545EA97C6A9ECB892D084DE9BDF6380
//
>7565F0BBA13127AD8763ED80E9ED9605
//
>75A13A6A8E33C0FFA29B58B0C199C653
//
>75D75A8FFB89468E67E8B08AF2DAD137
//
>76AA3E835BC911B7D0759A6BF1D6944E
//
>76F897BD807D37D348E375EEBF1B4C11
//
>76FE8D6CD60C4173A61A8B0A485CF82D
//
>774A2883CA33B13D52AE7B828A079092
//
>778231FDC2BF97820426FB877A4A600C
143 163
//
>77BA67D92313FC3DCDB3A6FD7BC3454A
//
>77CB5774E971D2DF71644A4AB0F418E7
//
>7822A71D171C38FA9ED8933089A3AA9D
//
>78C013D1DA6206D0C5E9B6CDB046BB7A
//
>7A264E0EFEEBB7B9DC0FCF8CAD339947
//
>7A414C2C76FB26A09294A6D8BB101FE7
//
>7A659A6877F399F97A88143C6571FB7D
//
>7A7466160A67AE8282E76ED5BC4D6BF7
//
>7AC21533BEE71EAF18909A26021F6F68
//
>7B046718BA42397C853947225B5A04D8
//
>7BB388371A7EFB7D2342BBF2C249EFCA
//
>7BC08994CE25A29EEAFBA8E7693F8ED9
//
>7BF0998E5CDE04C62909B9F95B62A0C3
//
>7C35E6339AAF051A397ABABFADB61CEF
//
>7C7084E137C7DE078284D2931356DD2D
//
>7C96C6C75B1531C6AAEE89F58AB9D0A7
//
>7CACA135F038DCE13FAC0A268983146F
//
>7CCB37E29FC07BE56B67E8CADF8CCF83
//
>7D6365912D867FDE41914FE43AEA2B5F
//
>7D65C1A20020E525331B75CA22E41542
//
>7E53D499D48E4C0E675007D4F0C9E0C9
//
>7ED0EAFFB059CF4365B701588EC8402D
//
>7EE323E30AF9446A963BF7B6E6E5BEBA
//
>7EE6BC49FFB42E482AA2471BDDDF3435
52 72
251 271
396 437
//
>7F244A537A60BB30C8DA43BF940979DA
//
>7F437B54579333A1E4F53A7FE864D6C0
//
>7F6AEB6B759E7F11D03A51E706DEE296
//
>7FB056067DFC3EDFDF08815DE18180E3
//
>7FDCE9F802A81C1530DD809A4054C374
//
>80165E41921A49467C0F4A1D448E31F6
44 64
//
>804784723AC187ACEC548EA771E0490E
//
>806FD53BDC0EA05FBA2029515043DC17
//
>8083E2036ED01FBFEEE89F9A0682062D
//
>80DA0DD9C66CC02C48426ABD20A8A9C5
//
>80FF8180838B39386B42BE00193DA632
//
>81189320CF86FB494121EDC2216BCB67
//
>8130E166AD42C1DF64145C71AF32D34D
//
>8133CEE4713509A2E32C6AFF5E9B517C
//
>81509312B3600CD7E04A03D938201AA1
//
>81C9D02C17FECEA0E44DC6B3174013F7
//
>81CDA1DA5713B92E9059DD04CBB96FF7
//
>828A4D48F89A6CB04738C463C0337430
40 126
//
>8296DD1C4175F76B110FCF5A31CFCB35
//
>82F9F9500B3745DADAAFBA5497EEDE75
20 40
//
>8309350DE3AD1C8D32A6A8F049EA5694
//
>830C7DD6361969768FC4DAD02F8C1568
//
>83227AB543F5182C40782643A21BEE9E
65 85
//
>8329AD9837472E1F894CCF207714CDC7
45 65
//
>835D17E3EC60232B0F72F62155C44CF8
//
>83640609B84A91A845E59479472A4B4D
//
>83C6B5F9932D244AA9FBD77923C6E316
109 132
//
>83CC718D5385C541A7C11282A224046E
//
>84297B75DB463ACEBCCC427E6344913D
//
>848F18FBBD92CA077A3CD2ABECB4CC96
265 285
571 591
603 640
//
>8492DD7751039DC243894CA68AD1ACFB
//
>84D1299AA4F1A2CA9D7BC8EDCD33F8A8
//
>856A5D226FF5E01D36483AADF45C6B38
//
>8575A4677C7A3C6A660B7B9F8B9C9F0B
128 148
//
>8578FD50374F6DF270ABBCC0E0DD13F2
8 28
//
>8585A076936C7F6F4AB85C2C07753397
//
>85AA74DB89B778AB36D1BB9E90DB3448
//
>8658ABAE69C12C53806A532A762304BD
//
>87283E8AF9CDDD5A09A50DC7AE75876B
//
>876B5BD272ECBF83FBCDBB3BDABC1C4E
//
>877BCFA3B5C8AE66EC05DF7AACB816DC
//
>87C0CD14DF35365078348EE9164F840B
//
>87DE62C548908F5AA26CD301B66ADBAE
//
>8814E3F3CBC538DA38990175F0D7426D
//
>88531308E65EF8D555DB2CAEACF1B12D
//
>88713AC37062B60B22D250CE17744DF7
251 278
//
>888088FCFAFA290394FA6B010827B89E
//
>88CB7B4E5459039514394489D64CC077
//
>8928F608E220A66126E56E675B323838
//
>893C7761DB236D69062AF1D4CB9858F8
//
>89563950D5587D45EB4D7E92FA4CA9F8
//
>897A6694274D367597B7F1CB84B3E6AD
//
>897FD457B4CC1822E85F3D17A4318CEA
//
>89A5292DDBD8A2779CA26B58D0F0AC59
//
>89D6D77F02D503BC39AF401C900F7B66
//
>8A37AA5C954357929973D61425B04CC1
//
>8A621C564E2C3835A4606BECE6A2BB61
//
>8AE8FA7067F662ABBA971DA842BCDD65
//
>8AEEF44F4BAAD9CA30B34536748FB71E
//
>8B0C3EF26E4AC5EB7E39015BDF9959CF
//
>8C1E48A649D3FE483A577A5AB0E59C03
//
>8C3B7F17D1B1DA5C48EF17AF91117FCE
//
>8C6767E628765D39CDF980027F492666
//
>8D28B54163BFA1BCE0564BF563BA39D8
//
>8D4493934AB2D9750C8FF7618B447B94
4 24
//
>8D5CADFC375840CE4F25794A89B4DCAF
//
>8D65A6AED68AA5195FE621C094F5E15C
//
>8D99A10120D78DBE9EBCA2F92969CDAF
//
>8DF6617FDBA6730351EA965C9A344782
//
>8E77DB06A33D9F0B20AFF07A09EB4440
//
>8E808B95CF4366D78C6745D154EFFD49
//
>8FAA6C72AF6B5AD59796AC64BA3FB17A
//
>8FB512A5CCE806DCA206939E84286458
//
>8FF16FC9F72C910A8241FE38BD6C07F1
//
>8FF8C143C7C35F2A9FAD11AD4DD7CD37
//
>8FFC8D92226EB4B38D30360A184D3515
//
>90B2293F9E9F35F8D2FED18B77412F68
//
>91194231BA002DA7E0722DB84032B307
//
>91B28EC6A65E03C629ECAE92CDBC24C5
//
>920F53EA3637151E43C196694DEB7223
//
>922449522B4EE8CA32C5A49204B067AF
201 221
//
>922F88BBF4AA278EF560082559230F44
111 138
149 169
//
>9266221D6942E6E974DB07B53C38BE31
//
>92883FF1C61C4E66C57179B0CCB281D1
//
>929DAA6772F74C7C5B5FB5B454E3D463
//
>92C34E39B1D914558CFB12A39CC0E5E6
//
>92E4410330067FE618453C4401FB5633
//
>92EC31543A5F93DFF0F48BD0E57F434A
//
>92FA8A548EA993C0668AE525203832C3
//
>93309EDC71FE0560F6998D4C3905A626
//
>935DCAA6CA2CA13CEB2E1FDAEF3A7CEE
//
>93DD96E75C646B826258F73F9206F854
//
>941246A13F75EBFDE02F0347CF4F6A47
132 152
170 204
//
>9478BDF77B6AB9E4846AC8678D38FF2D
//
>9487B9EAAA6926E944DADBB34C1D5006
//
>949EEA020492D39105B71C25433C08F8
//
>94BA72EE0B3B30658DD6EC86F643E8EF
//
>94CDD22FF340FA5D619656639F72B036
//
>94D3F03FD74083128242AA5450118CF8
//
>9537400B9A011E919E4A2B4FF85B0FD0
//
>95D9378E9FE737C4C393326352CF4E00
//
>961D3737271B9A704C167FC8CC309FDE
//
>965B56CCC3272DB1119B827DCEE4C181
326 346
//
>9666A9C095AA538F4B8D1822E9DF0BBF
181 208
//
>96DABA8F425A1EA00873425B0227F6C7
//
>96E18254B10A90DE0418243B2C8F3527
//
>970B14966186E7684779ED0A921BE4A4
26 53
85 105
//
>977023A1703CCFC78B4237D040B7C68B
//
>979650DAE8C8D66ACF21F089D89D1A79
//
>97C1F4B4FAABD6C0B59B34D9D4FD3B4C
//
>97C4E63132F8575BBF0B4E6004092897
//
>986FDBB1F06A65CBE89F0B2E87BE988F
//
>987C15D5661D099AF5DA5344D281C44B
//
>98BCB6A039AD40F9D07E2A2A4FFFC922
//
>98D168B63FE817EF2F43B5F094E19A44
381 429
//
>99039AD6BB072E7B1B5B32C4B7FFC1F3
//
>9941ADC3ED2CBF6DC5BBE13D353FF4F1
//
>99564243FA1E0D382EEDFD507EAECB34
//
>997F821D2521BA885175FC1710784D3B
//
>998850AAAE8D5D49E8115B49A17534E1
//
>99D0E9403E7FBD0B90970C56683AA70C
//
>99DD8942EE6AA0149357170B100AD1D0
//
>9A49A33D62B642B9BD5DFD3542696463
//
>9A7DC5BA3522800C6B9DFB41C6FD2B2A
//
>9AAE4C46BACFBF0A5F460DE65221156D
//
>9B4FA390DE8BF30D8CEE35EA5EA927FB
//
>9B5C85CD3FBF409727A25CAB7A77D74C
155 175
193 213
//
>9BD7AA051E33ACADE81ACE98CE05F3D2
//
>9BEB2BE0FF7814B76031033622824E1F
//
>9C07013C6642DB98DCAD8B0236A807EB
//
>9C29772549475CD9FCC68F5B154C3649
//
>9C947EED749A2E3AD2AABE14DD23EBE0
//
>9D24390FF4B61BEFE1139F151FE3C04C
//
>9D630E0C777658459A7E38B9677BFF1A
//
>9D9B6231F4D5D7ED64F77B1B14A76618
//
>9DC5C6B63A7597D4877FD3A628B3CFFC
//
>9E3B9E9CFBFE33D00AD35C57BC1D050A
//
>9E40FD004D92DD368AD16CDF27C57238
37 60
//
>9E4A735113F1D32A5CAA474E0EE055E0
//
>9E72D645454E9328F92F24A830C1F43C
//
>9F3628592289A5FDA1EB142C04B23A68
//
>A021E3FF678CDBC503BD1025F6766E5F
//
>A03F82A11F91F0CE0D0008F3DB169BB5
//
>A051A1D7784F85A38F3A9576711CF598
//
>A077E33A006CEA9FF44861E1D6B1F460
//
>A0D60167E816A8969FDA44728ACC0430
//
>A142A0E1F34EA4D4B7A3C88F0337D44A
//
>A169810EBAAF3EBEBE1DA90401BD67BD
//
>A17A1CACF8982E7CCFA44E240C822F8B
//
>A2216367C9AD3DBA5FD0AF23D3C58553
//
>A22A23FD1A89517C8F3EB47C14F12CF3
//
>A26121E7B223E30D42CF0AAC87E5CCFE
//
>A26652C258ADCAF4208C491943081F57
127 147
//
>A28E82E9D38C455EE5F43F1788545CDA
//
>A2AEF68F3365E9543A83A097FC9B859B
//
>A2CFE81924AC4AA67C28C09D1F281F39
//
>A318DD4B0195303AC5EE809AA17A539C
//
>A37CD721605DEB2218223EBC024EFCB8
531 558
798 818
//
>A4116560B9B45D3A7ACE8E6E64253843
//
>A49F38E2AABA7555D9CBE22CCF9B1841
//
>A4D00357D74C3AA9C26680C3E87049A0
//
>A4FC4393429E1808ECA1005B7F7823B8
//
>A523193E66477C67A561A7F1D7F83FCE
//
>A53AF5FE6BE6EF33FA199955294E3D40
48 68
//
>A5878AAEAE9C30A79623290472499B9A
531 558
798 818
//
>A597978C22737940F74F5D89D58691D0
//
>A5ACBFFAB55B7D4609A7B11463C182AE
791 811
//
>A62A894BE95BF62D364F053470AC3F13
//
>A64DA077A018CB55575ECFBA5E6F8557
//
>A65D15C92F7630BF66F8CEE427781FE6
//
>A6EF7E23CD3FBE0D496FEE84E7F0E9DE
//
>A6EFD344BAFD4CBA7684A83AA327DCE5
//
>A701BFD0B83F2C6CBAA76EAA4CCDD8EE
//
>A71713CE4A75B61AE2165C8EEC6BCF91
//
>A75572E2BE3E346A70378406E42E8F88
//
>A77216B023218988D842C8008DB25544
//
>A7AD7490E034DF44B0332D4393FAF7EB
//
>A7AF120D14FCABF6AAA5F0D589C48381
//
>A7B5D059F7F119F0243D1A950DE2EA53
//
>A84E8313A3C1313D994B2A5389D89D4A
//
>A8F716900ED32F3261321888E8FB6FFE
//
>A900546AFE8AAD63F36A5FBCE6FF8156
//
>A981B1381C526820F2FBE017FED4EA78
//
>A9B355F921CB05D63B3D176F3DED1863
51 78
//
>A9E628E534F0986CDB9B86899026FA06
//
>A9E810F0B4F9730B43A4A1C1BEAEEF45
//
>AA1BC88DB39D25A5403F89919A4FA411
//
>AA31018D56130366B7DECDF599144FA8
//
>AA498B36A2120A7814FF1AA818322053
//
>AA531B948ACDDC66909510EF936AC4C6
//
>AA619D87446B56DDF4A065C20BA785E1
//
>AAA4EC3EA643B7F03860C0C107A904B4
//
>AAC40518C15081F8444CD157370A841D
71 91
//
>AAF7A0B4753DF4A032CE032F96573750
//
>AB87DC59A5B5758DA8D59107DF17136C
//
>AB97B5D048EC15DC446C8E1207A6DA08
//
>AC30E2E04B4FE54A9A5835E3673BA7E7
236 263
//
>AC71B13CEB8D8207534236179CE5AC9D
//
>ACC7EB6AA0E3C0C6768B27E89004AADB
//
>ADB74459631C49E103165B00309A9B38
79 106
142 187
//
>ADCCCC372853FC41CC960C7AF19C2391
//
>ADFD741F67E1ADB08262CD2E83DBB263
//
>AE1BCFCD61957BED0406B358FB7FFA9F
//
>AE1F2D28B6BC22ECE889DC889977D73A
//
>AE20A61A00DB31A58BF869BA76B6ED91
//
>AE23D1D1C9730C31C1ADD662CC4BB1E1
//
>AE7B83A1BE95E41F94BA44F8B86F59D1
//
>AF15657424005EF0FEEA8F061A39EF39
//
>AFA8CA551A5362C20269EAD770492D10
//
>AFDD71DE2A202DF89C28AC66E8D03FD7
//
>B04A2E32D9353D1AB24EAE65E88E1B81
//
>B04EF6167B50400A9284BB97AC324232
//
>B11A7BDF0773A5722B0432A4696F606F
//
>B16EAF1488B6A48085AC0BC5E53E50C5
//
>B25EBE46F237098D9AA683A5DDF747D4
//
>B25EBFCADF9B98D5F56F2B447751392F
//
>B264B29A075ADAB29EE88C2DA9A4FC48
//
>B31F62A4AD17A9F15364810F24203058
//
>B36FD9F81092F59A854AE9B6BA5FC7A5
//
>B386242DB91D632FD19B76669AF8AFD6
//
>B392AF06309D4A438A55F513A468D6DA
//
>B3972CB7F5B21371C5D3B2390A08FA2E
//
>B3F4EB4C15BDB6C154E542C9FF101814
146 173
//
>B3FC9BB26E42AD10D7DB1E9A1C08B63F
//
>B4A68A56D0106BC944AD55918B7A203E
23 43
//
>B4A8AC6C3A0E94FB4AFAC453B2708A0D
//
>B5AA2C58EF3FDB84D89BBD46493A1EF0
//
>B6A841394F873875355BD03F83D311F9
313 333
//
>B6DB20BB34678C4D13A43013F59D0516
//
>B6DF494662808CBC3B58237148F7FE17
//
>B7E33CA5687C5693E928539AD89178B6
//
>B80BFF5527F4757681584797A7B29996
//
>B819E8F75A746A958DF48581150EF8A9
//
>B894C27408867A69FEF60E4930295935
41 61
//
>B8A33FA183463F6FFBE48B744BA36801
//
>B98BDEA2D0F6FFAEE153C3617DBFC42B
139 159
//
>B9AD1FAA03BAEA0A5E56B026D6DD75D7
//
>B9E51A7F077FE0D38A8EDFDEAB13A9E2
//
>BA5151FCB702C4BED1EF95833F715698
//
>BA69107720070798338FAB746CDC168E
//
>BA9C25660B5F00D18B7631A30E5E10D4
//
>BAC7B904A17750A8AA288344A4005EEE
//
>BADE197F756808F4B8CC48B3D2623926
//
>BB137CE5FCA9F047FA710B3A68EF7472
//
>BB5BA169554FC4DF9D7238EC79D78DA1
//
>BB7EE77F527CB9461FFB9A076A9E3CE2
//
>BB8C0F91FCEC315BFD6C013D44019802
//
>BBFEF801B2F81CE8CA81E5684EBFD707
//
>BC2FAF0053D0A40623F0FEC44B5404CB
//
>BC43D9B684F08707330BBB4A073C9F98
//
>BCB7E4A8A1B3D70AA2F470ECFC783ACE
//
>BD378269647C469D2A0AA771F7EFF2CD
//
>BD584CD32CFF3E218E5734934636017B
//
>BD58C4A6E071B4676B357952FA068FC2
//
>BD8E398495A17ABDEE85A8832B14F5BE
84 104
//
>BDADDFFC8EC69E732AE464A922FBDC84
//
>BDBE9FC91B2C2447D840513BB0CD77F2
110 137
148 175
//
>BDFE6912225B857A5420BB5435E69D89
141 176
//
>BE20FE2C5CF9E44232BA268186F6218E
//
>BF172B7B97E34FC03BC5E6027B7A90BA
//
>BF41AE709005DB60E143DBC587BEEE90
//
>BF5B041BE9B5AA458204C7C99BD96746
//
>BF6524F1DD6456514CD37C8B62F2D676
//
>BF97DA5011F8AC607EA26C1A3F1AA012
//
>BFA0AC0152BBCAFEFCE9EB3CBBD18B50
//
>BFA4D3AA927A6BA10AF8368EA54B99EF
//
>BFC25390163709897D2D1E8E0184C278
//
>BFE6E2E5FC4D3B201612157DE914B864
221 241
//
>BFEB439112B8C780082FA1D43588AA11
//
>BFF2F1CFD10E1F2EB8BB4934238E30E8
//
>BFFE8F6CB5498046C84900200E879B2C
//
>C01A780BE8A076FCBAE844A0DDC90909
//
>C084E0A6C059590A2EBFDEB5F8E76160
//
>C115306B09B064A55FA2769384C3560B
//
>C13F13813B3F90762C724C47FFE10B15
//
>C178CF835F0A959D2C5FE1B5A3363A70
//
>C1F5390F1E445ED7DB556F19EE5A6291
//
>C1FBF79E8A4777B347740388C36D04B7
//
>C2906F64FD7005A4E00E12633EB170C1
//
>C2C492B8D4BE122527579448401E2529
//
>C2D235A4F4F36A85AD722594DBAEAE27
//
>C30592B05B297A56DDB296F564DC7CA9
//
>C31E9CE658B188CE111F65E018BACF7E
//
>C3248BBCA534DDE662138B9F060ADB53
//
>C336F627323AB76F1E197D912BEC8F27
//
>C351BA251B0065032D3FEEF4E7CFBFB0
//
>C3630D563F856EF8F33ABE9523144CD9
305 325
//
>C3EA0C115F085D2D94D4FFD28343ACE9
//
>C4548F367397B739F3740AA29239CBA6
//
>C48880BF299E8A45D93BC837A4DF7C34
187 207
//
>C4898C3C69651C0C92BC858700328608
//
>C4A573DE0BD1867C663E5A3E8EA370B7
//
>C4A6ACE011FA5CD1DC1533A242AD7854
//
>C4C974A767AD87852B34E1105D53C836
//
>C4C9AB8B8D548D5DFB9C0CECE1EC59DA
//
>C4CC52FF55439533386AB20F15DD05FE
//
>C50A23194764F7002D0B896AF9BE5088
//
>C51F29F221F8F145257E454EBE6B511B
//
>C6BF09CD1081E14A4EBE78A6FFF53A8B
//
>C6C1EDC7FCFE5BC3079C7C80DE21B26A
//
>C6CEE0E01A951D6B8C9D0ADB13818CC7
//
>C7314949E3EEB3354416A1B320FE234B
//
>C79A76E9A389CD2C32EB760DED5FD68D
22 56
//
>C7B48E32EA4D572CF3396577D6E30A1C
//
>C7BAB811B7F365E7DBCDD6D1176E8577
//
>C7CFD36F70EAF19CFC1D443F451BA434
//
>C7D7301B80CB099A2F83BF5F62F1A94D
//
>C7F6732E4EB77E99C9AD7E7C3A0610C3
//
>C842CB532818524F802DB346B3C10D56
//
>C84B0963DF32B12896E7154FF7B073AD
531 558
798 818
//
>C86680B42971D22FBF59FF1E7651F868
//
>C8F9E57A2BB580AD1B5743ED0C203D3A
//
>C90959024C864449F2305B68380204BD
//
>C90C79FB2B63482DD891EDA7349ADF6B
//
>C9153A34C77D2396A4CF3BD046112015
//
>C91C0F2BEA0EC6458B6E9E0EC55FF28D
//
>C9213649DF61783334D847497F629317
//
>C92603BCEF0F13A3EADAEE562655ABCD
//
>C94B270F1B989AEFF8EF740DFEC598D0
//
>C99AAC947679A928F29EE76C17D59387
//
>C9DB831A38ED4390A4B769B2FF61A133
//
>CA01D0B1C5A7141D0A1F934BF2063BED
//
>CA2CB6041FD2A6BE1C17E70509D2775E
//
>CA402C925694C4D9B5BEF3BD0C76F660
//
>CAD20630D4A0B992DCD5974D2AA2C79F
//
>CAE9AF721E9FEF43137A44F0707699D0
//
>CB1CACF1CFE56065120F5E9551063988
192 212
311 331
//
>CB41B1E1A214C9CD3068DC839B919AA1
111 138
149 176
//
>CB64B0D96A625DEAFDE15582A5D2E8CB
//
>CB86C221BD1AC1E32E74CF89E2AE7499
//
>CBE7541C4DD87C3D9615998DBC4A717A
//
>CC2D22F3DC815EB8E3872BDCE7D74BCE
//
>CC78799CCF97255EE2150526EC26D7D2
//
>CC8FCDF104B4919C30BCDA0EA569974B
//
>CCFA27C0BF346C465D860F28AC2CC6DE
//
>CD0EC0A68713944A490A53CC86D0811C
//
>CD35AEE6A15C7AC9F68F8B10A71FE8D7
//
>CD84DBB8EB02BC02CFF7B99F5E8D390E
//
>CD86288C7E50030AED0B8E3654876C77
//
>CDB2923E8717EC7F4AEFDA1F031BC699
//
>CDCA49D054C0AE4C50EBCB67211DD20C
531 558
798 818
//
>CDDE89B059FC3F73F814AD55984A08A1
//
>CE10F05183A89417204755EB258AC8B9
//
>CE1FCD499ECF6A10D2E97389CAB106CF
81 108
//
>CEB28C4D156C737E655E505F79C62CE9
//
>CEBA212F1F2A0E931140CAA9373E07D0
98 125
133 153
199 226
//
>CF8C46EBC0F1F4DC5F5A76802C1B01EE
//
>CFB5939E37F7E5F068CC7EEAAE86BD8C
//
>CFB798CC304857ABE12F3EC18F933DFD
//
>CFE9CBAF58D3719DAF747993AA8B41E5
//
>D0150B1A25829C2A1B84EAC808DD1E59
//
>D02443B7DA8CFD0B84A4CBDD48252A88
110 130
//
>D067F4B869FD163F99706F5F9799DA98
//
>D07E5C37C4B71B4EF3B56BFA0219CF06
//
>D08A26855951B3EB9D37044507981DB0
//
>D0A055BF00D3B0E4C2AEB6BE367C4A13
//
>D12EB73A02D7416C84E434625680B801
//
>D1362CC58B524E048CE75B131DB57675
//
>D16FDBD506F3B82E205A899923EF9BE6
//
>D17A5CE6F04B461093AB96CAC0D1AED7
//
>D19D3985F71C7B2EACA328DC1D866D92
//
>D1AEFB3A38B08AB2D5995F1BD6134B9A
//
>D1CEE1B6E7A71E09AE237C982D1A311E
//
>D1DE9AB81223E684370A56CA46292262
//
>D3189659A03F2A966B4C94A672020EDE
//
>D318BDC293708F87C0A20D6FF374F467
//
>D39B18520F8D77481B30A4BCA07D9F0C
//
>D41113ECEA9BA0A7B9D43E22003CE356
//
>D41A425F5E74BA2A11FA90F96E3D9F30
//
>D47604B82DBE349349D750BE7055E23A
//
>D519491AC20B1682AA63D72B573677E3
//
>D56DA53DA8DAE1AC4B1743586AFE6D7E
//
>D599E73DA0FE05A76EC321285E814D71
//
>D5C419A7CC12A8C4C7A026C33BF00765
//
>D62D98601D5B7B74164DDB0D4040B590
//
>D69A1D16C2DB52DB5A923B7E1AF280CF
//
>D6A23134A1F67C4BFFABE62CCD2943C8
//
>D7235CFE390C1D5CB11A3A28DA7C8AA4
//
>D742D16F2FA67CBEAB3B577919FA21FA
//
>D7E449C8B657A27A8D42E79FEF667C4F
305 325
//
>D7F14D258F014D9A10D751560B5BE0DD
//
>D884A7B4550088653D6D1DF55E222F92
//
>D8C5B6F9F0C715CD63B25FEB0F23EAE9
//
>D9D2D38EC51BEAEACD712F150872BC0F
//
>DA36463C4C27F68529D574F514AFBB9C
//
>DA78A37C128F785C68030D104AD91046
//
>DA865BB866A40C647BEA5F475D3F7188
//
>DAB80C7F40274B6904E100A450F38395
//
>DACA1363A640D4E584D1290B6974AC98
//
>DB3D7B677E607DF47DBE9F924B882366
98 118
//
>DB6C3F01DBB557C853C81306D06725E8
//
>DC2CFBB2D0C96B059F107449AE37338C
57 84
//
>DC41D573114165B9A490146FDA6FE5FD
660 680
//
>DC66AC510AB809A5476D5298C1AD62D0
//
>DC8FE74C7D699E01EFDB4830A6330096
260 280
//
>DC910050FEEB4E2E9C35448AD1539E7D
//
>DCAE707802FBC27B2BF135BF79BA8425
//
>DCBD15C7112D6154346F24A18BA2EB88
165 185
//
>DCECEE27908994955D9431E5BD61E141
//
>DD1AF85629271620CFF70C96015C8A02
//
>DD70808293703079954D84EC7A5068F7
//
>DDA50CCF7E38E1C1EBFEDCB1A8CACF5C
//
>DDAC0F26989D6526D4A2F48E80A8BA29
//
>DE3A9C26AED08445DCCB207CB9978D4C
//
>DE95C8E9A41B97833367CC487DD938A1
//
>DEDB4996673B8BB05098A4D641D9FD2A
//
>DEEE2E3C74141B67DC329367F909F765
//
>DF0C25A843744F07710622EFE89511EC
//
>DF2E9DD48AD4019E598B0843892654C1
//
>DF3095CD1C452AB447114D98A9021F5F
//
>DF3E55930E906F69701B9C424A29654D
//
>DFC4CB3C7070D7FDA458E6FA0ECBD9A1
//
>E03D49E728AFC4359E3591EB32E7E11A
//
>E0BA4BDC27B7B8387185FA8F7DBDFEB5
//
>E1218405A1E6DDBCDD2AF834E49117E2
//
>E12587022F681D00D53F2F4CF42F081D
//
>E1520C1E55FEBB32E9001477F6124968
//
>E15D535A6E3BD7E4EC0C376596E52D00
959 979
//
>E16F6FFF2334E4F7A97F27FD459FA462
//
>E182A296FB0E6EF00D81A2C2B1D82F2D
//
>E19A020A1501922F2A7F62AF4829028F
//
>E1C43E765B3C3F296B0F50F8D9183E95
//
>E22C10914E4C1643DB9955E85B04820D
//
>E28077BB7128BDF1C22A5B3EC92C39F3
//
>E2D36DCB851126493275188D7837D975
//
>E3510376D5C8E7D553BC772AD5E272A8
412 432
//
>E3574359D71DB537E69D314DB86665AA
//
>E388032FE98673CD384D644B377DF595
//
>E3EBE2FA3D1E383141B6C79381605C9D
//
>E41AD9DC77FED3061A9B87F4B209820F
//
>E4215EDEF8B2D0A220CD5368E2AB53CD
260 280
//
>E43853752B0FEB5B34B179F423FAB1AD
//
>E45E9891ACF476B28A3F3A5A37E62B3C
//
>E4A1FC5CA96E52493098AA32C34D649E
//
>E4D0BF7C9340E9BC3B1361BC46FE1884
//
>E505BE1CD53FABFBA4B904AE29FDA83C
307 327
//
>E5AFA3F2C13F703E1C7328D2F595EDC3
//
>E5B3E751E21AAF0AA99CE96F63DF20C9
//
>E66832756400C5CB7E6102D85B61599E
//
>E69D42929325AEBC54D914440DB1A9C8
//
>E6FBD9BB283EC0898B33869ECA86FAC1
//
>E70C5BEC48B119834F604012D21B9EB3
//
>E70FBBA53C6DDC281F3EAB06DD2F8AB1
//
>E78EB789F07E06B2CC6B4DDACA8DFCAB
188 208
268 288
//
>E79556CB2A9C4AC0BB871C7CBCC5D0D5
//
>E80956B15DD0F007BF08E603A813787E
//
>E8178698BEA4303C46446A98CB680FDB
576 603
912 939
//
>E8590C6D01AF19A23751DF4639243080
135 176
//
>E879BCC421E136DC7C1B5E83E161182C
//
>E8872C7A0261B9E88E6FF47EB34E4162
//
>E8AAA531F4376761795E64D6CBF042FD
//
>E8DA0EDF6D38D02A2D89DE60B2A1667B
71 91
//
>E94B75B0A9705130800C6C4DC21882B5
//
>E9DE606F5864F2F9CBA3BBF6CEE1159B
//
>EA9740939462846D9450D91B1594A55F
//
>EAB4815A5E7E944DB0CA63E63DD463B5
//
>EAF93E5AC538A7681D22A5EC33B17488
//
>EAFE533C58E5C8C9A7D0053DB8D1B4AB
//
>EB9F8245EE54A4E269E633503125D38E
//
>EBCE6698354613395D8CEF3744654CF6
//
>ECC16DAACBFB40058E7BBD37F2CB34A5
//
>ED72DC34F491F7E4AF1B9E1FEB99022C
//
>ED77BC5F04F1B6E78095731157BC4AFD
//
>EDB01399400997CF19661E9AB4A1B8AA
//
>EDBFE44F22D9EF74BDFF6E68AE56A184
//
>EE0DD0A0C2C478AA5CFE465B2B7C04FF
//
>EE3D0CF36BFC1CD0F54575DBD337E3AD
//
>EEBB1D0CC3EFD4A47072F7ABA93721B7
//
>EEC5BE7191DF20E27003BAF3F75CDB2E
//
>EF0910287890AA0CB4798AD918C6FCB4
//
>EF135B36ED6ABC56048ACA673273E179
//
>EF2987783BE63328A65CC9176F391AC3
//
>EF555FEDCBBB393AB40B1C78A239FFB1
//
>EF7075074252428A2DB88AF50BDBD675
//
>EFD5E0766AB51932A2A998B6BF0C3F9D
//
>F0600CCF2E38815844B46373417FAA1C
135 176
//
>F0A7DA85EE91DA9FB5101B83545CB5DB
//
>F132B226C394B4C9346643CD25F1299D
//
>F13B243F87B3F26DC6CD44DC3460021B
//
>F1664ED3F940D11AF513C050983DAC39
//
>F1C3873C480EB81AA8E12BCF5377353C
//
>F1F332E65AC95E7DF05BFC8433C16B65
//
>F20454603724E4818316C6674DC5155B
//
>F20D67472F76C1DD96DE0C52882DC764
//
>F23E850B69805935AE58EC1C7D54A846
//
>F24BB16125C6219142A02CEA2868856E
62 82
//
>F254EA85CB629C6A4E9A875F408249E0
//
>F2B78BC692EC495FB563B4FA0781F4FB
//
>F2EA7F891CE9C174E942E93E512177A9
//
>F30BAFD5C285316CEF62D2D2721C9E95
//
>F332407A938000C2CD8F36631C1A9D99
//
>F335AA7A6D7EFF831B1616DC1C50BB14
//
>F3D88AE599201C0F6922C7EA61E660FE
294 314
//
>F451A0B1C1A0DA6DC7DD497555F47AF8
//
>F45477237FB7126B75A84FC8A18F98FA
//
>F4D63DB3E7A584C867F1D07D309942E9
//
>F51204F7C497E15B9F2B2AB7838868E2
//
>F5442DFEEA5AE272DF73195D98764EA3
//
>F569C952318DDEBB41C8EEFA3E79181A
//
>F5B2C6D4A9E0C79A752385B01A798992
//
>F5D6C20413B74622B9105552EF9040DD
//
>F5F5CE8D8B8015D9D4560F5A5AF66D14
//
>F6599099CDA8A9E8E4B33D2E89F384DC
//
>F66CF7F69014F7B66698558103C5FBD9
//
>F727533D9194FE407118BB749ECCAEEC
//
>F728509F2038897F6DA5C6A47A09D9C3
//
>F7D3424BA553967623DC7EEC3ABFBDAC
//
>F7F2F39FA34C4F1B087FDDBACD33BEA0
//
>F81ADB3B8F75D3F20037A22CF67144B1
//
>F84115E163E2B322EB289816C0744F9D
//
>F846D6C352BF06AD0B582895F984F877
380 400
//
>F862A1870C8713BBA88E85448AFC4C1A
//
>F8669009E2BFECBE6CB0F3EA6F1BA33C
//
>F8920FE1687D95E2A48188CBE96E8195
//
>F8D37CBF61545B0568A8BCD6125A6A98
179 199
//
>F93D7C57AFDEA5C9B5BBEC6CACA57A51
//
>F96B096479304EBB434E9924A64B8580
594 614
//
>FA0B499243D44F0E14272496B6C77D9C
//
>FA5C8E53DD757EEB6478842B168D17BC
//
>FA7502D2093DCB84CB1D4111BC8684C0
//
>FA98AB5A5C30E8E8C169E289329F6C6B
//
>FAB573EA11F6AAEED071B05B36A9782D
531 558
798 818
//
>FABBF7264A99511810CE5010EBF639FA
//
>FB89A91C18BD9064E37CD9D27F3E4505
//
>FC22C0F401E4666B29E11CD622024680
//
>FC4B0A91C732BCB1F52D552EFF4EC3C1
//
>FC913CB33AE0F72BEB8156E2B7253F4B
//
>FD11133F0E0DE398D31FD2C5FFCB5AED
//
>FD1FCE73FD16BF2D8CA00144944737B4
//
>FD823BF49FDE2C1E3B327E8E1F66C4AE
64 91
//
>FE22FFA817B8C301A79753625FC26FC5
//
>FE52C0914437295FFE2A2F213D2DC629
//
>FEE86433953CC2F1EBDB90150789D2BB
//
>FF7847D9E0AA636D68101D2FFAB25C40
//
>FFA152CBF762CEB817C418B01B4CD7E9
//
