hmmpfam - search one or more sequences against HMM database
HMMER 2.3.2 (Oct 2003)
Copyright (C) 1992-2003 HHMI/Washington University School of Medicine
Freely distributed under the GNU General Public License (GPL)
- - - - - - - - - - - - - - - - - - - - - - - - - - - - - - - - - - - -
HMM file:                 9.0/hmmer2/SM00382.hmm
Sequence file:            chunk_0.fasta
- - - - - - - - - - - - - - - - - - - - - - - - - - - - - - - -

Query sequence: 98BCB6A039AD40F9D07E2A2A4FFFC922
Accession:      [none]
Description:    [none]

Scores for sequence family classification (score includes all domains):
Model    Description                                    Score    E-value  N 
-------- -----------                                    -----    ------- ---
SM00382                                                  61.5      1e-13   1

Parsed for domains:
Model    Domain  seq-f seq-t    hmm-f hmm-t      score  E-value
-------- ------- ----- -----    ----- -----      -----  -------
SM00382    1/1     369   550 ..     1    92 []    61.5    1e-13
//

Query sequence: C84B0963DF32B12896E7154FF7B073AD
Accession:      [none]
Description:    [none]

Scores for sequence family classification (score includes all domains):
Model    Description                                    Score    E-value  N 
-------- -----------                                    -----    ------- ---
	[no hits above thresholds]

Parsed for domains:
Model    Domain  seq-f seq-t    hmm-f hmm-t      score  E-value
-------- ------- ----- -----    ----- -----      -----  -------
	[no hits above thresholds]
//
hmmpfam - search one or more sequences against HMM database
HMMER 2.3.2 (Oct 2003)
Copyright (C) 1992-2003 HHMI/Washington University School of Medicine
Freely distributed under the GNU General Public License (GPL)
- - - - - - - - - - - - - - - - - - - - - - - - - - - - - - - - - - - -
HMM file:                 9.0/hmmer2/SM00826.hmm
Sequence file:            chunk_0.fasta
- - - - - - - - - - - - - - - - - - - - - - - - - - - - - - - -

Query sequence: 98BCB6A039AD40F9D07E2A2A4FFFC922
Accession:      [none]
Description:    [none]

Scores for sequence family classification (score includes all domains):
Model    Description                                    Score    E-value  N 
-------- -----------                                    -----    ------- ---
	[no hits above thresholds]

Parsed for domains:
Model    Domain  seq-f seq-t    hmm-f hmm-t      score  E-value
-------- ------- ----- -----    ----- -----      -----  -------
	[no hits above thresholds]
//

Query sequence: C84B0963DF32B12896E7154FF7B073AD
Accession:      [none]
Description:    [none]

Scores for sequence family classification (score includes all domains):
Model    Description                                    Score    E-value  N 
-------- -----------                                    -----    ------- ---
	[no hits above thresholds]

Parsed for domains:
Model    Domain  seq-f seq-t    hmm-f hmm-t      score  E-value
-------- ------- ----- -----    ----- -----      -----  -------
	[no hits above thresholds]
//
hmmpfam - search one or more sequences against HMM database
HMMER 2.3.2 (Oct 2003)
Copyright (C) 1992-2003 HHMI/Washington University School of Medicine
Freely distributed under the GNU General Public License (GPL)
- - - - - - - - - - - - - - - - - - - - - - - - - - - - - - - - - - - -
HMM file:                 9.0/hmmer2/SM00534.hmm
Sequence file:            chunk_0.fasta
- - - - - - - - - - - - - - - - - - - - - - - - - - - - - - - -

Query sequence: 98BCB6A039AD40F9D07E2A2A4FFFC922
Accession:      [none]
Description:    [none]

Scores for sequence family classification (score includes all domains):
Model    Description                                    Score    E-value  N 
-------- -----------                                    -----    ------- ---
	[no hits above thresholds]

Parsed for domains:
Model    Domain  seq-f seq-t    hmm-f hmm-t      score  E-value
-------- ------- ----- -----    ----- -----      -----  -------
	[no hits above thresholds]
//

Query sequence: C84B0963DF32B12896E7154FF7B073AD
Accession:      [none]
Description:    [none]

Scores for sequence family classification (score includes all domains):
Model    Description                                    Score    E-value  N 
-------- -----------                                    -----    ------- ---
SM00534                                                 381.5     5e-110   1

Parsed for domains:
Model    Domain  seq-f seq-t    hmm-f hmm-t      score  E-value
-------- ------- ----- -----    ----- -----      -----  -------
SM00534    1/1     620   806 ..     1   199 []   381.5   5e-110
//
hmmpfam - search one or more sequences against HMM database
HMMER 2.3.2 (Oct 2003)
Copyright (C) 1992-2003 HHMI/Washington University School of Medicine
Freely distributed under the GNU General Public License (GPL)
- - - - - - - - - - - - - - - - - - - - - - - - - - - - - - - - - - - -
HMM file:                 9.0/hmmer2/SM00533.hmm
Sequence file:            chunk_0.fasta
- - - - - - - - - - - - - - - - - - - - - - - - - - - - - - - -

Query sequence: 98BCB6A039AD40F9D07E2A2A4FFFC922
Accession:      [none]
Description:    [none]

Scores for sequence family classification (score includes all domains):
Model    Description                                    Score    E-value  N 
-------- -----------                                    -----    ------- ---
	[no hits above thresholds]

Parsed for domains:
Model    Domain  seq-f seq-t    hmm-f hmm-t      score  E-value
-------- ------- ----- -----    ----- -----      -----  -------
	[no hits above thresholds]
//

Query sequence: C84B0963DF32B12896E7154FF7B073AD
Accession:      [none]
Description:    [none]

Scores for sequence family classification (score includes all domains):
Model    Description                                    Score    E-value  N 
-------- -----------                                    -----    ------- ---
SM00533                                                 338.4    4.7e-97   1

Parsed for domains:
Model    Domain  seq-f seq-t    hmm-f hmm-t      score  E-value
-------- ------- ----- -----    ----- -----      -----  -------
SM00533    1/1     293   604 ..     1   335 []   338.4  4.7e-97
//
