# Generated by cath-resolve-hits v0.16.10-0-g99edb28, one of the cath-tools (https://github.com/UCLOrengoGroup/cath-tools)
#FIELDS query-id match-id score boundaries resolved aligned-regions cond-evalue indp-evalue
UPI0002E0D40B 3.40.50.1170-FF-000001 287.5 47-263 47-263 2-57,48-103;61-85,104-128;86-216,130-260 3.2e-90 2.1e-85
