hmmpfam - search one or more sequences against HMM database
HMMER 2.3.2 (Oct 2003)
Copyright (C) 1992-2003 HHMI/Washington University School of Medicine
Freely distributed under the GNU General Public License (GPL)
- - - - - - - - - - - - - - - - - - - - - - - - - - - - - - - - - - - -
HMM file:                 smart.HMMs.bin
Sequence file:            mini_test.1.fasta
- - - - - - - - - - - - - - - - - - - - - - - - - - - - - - - -

Query sequence: P22298
Accession:      [none]
Description:    [none]

Scores for sequence family classification (score includes all domains):
Model    Description                                    Score    E-value  N 
-------- -----------                                    -----    ------- ---
SM00217                                                 122.5    4.7e-32   2

Parsed for domains:
Model    Domain  seq-f seq-t    hmm-f hmm-t      score  E-value
-------- ------- ----- -----    ----- -----      -----  -------
SM00217    1/2      28    73 ..     1    51 []    34.1  1.9e-05
SM00217    2/2      82   127 ..     1    51 []    88.4  8.6e-22
//
