# hmmscan :: search sequence(s) against a profile database
# HMMER 3.3 (Nov 2019); http://hmmer.org/
# Copyright (C) 2019 Howard Hughes Medical Institute.
# Freely distributed under the BSD open source license.
# - - - - - - - - - - - - - - - - - - - - - - - - - - - - - - - - - - - -
# query sequence file:             mini_test.1.fasta
# target HMM database:             sf_hmm_all
# output directed to file:         pirsf_out
# per-dom hits tabular output:     pirsf_dtbl
# prefer accessions over names:    yes
# profile reporting threshold:     E-value <= 0.01
# number of worker threads:        1
# - - - - - - - - - - - - - - - - - - - - - - - - - - - - - - - - - - - -

Query:       sp|A2SLW2|1A1D_METPP  [L=338]
Description: 1-aminocyclopropane-1-carboxylate deaminase OS=Methylibium petroleiphilum (strain ATCC BAA-1232 / LMG 22953 / PM1) OX=420662 GN=acdS PE=3 SV=1
Scores for complete sequence (score includes all domains):
   --- full sequence ---   --- best 1 domain ---    -#dom-
    E-value  score  bias    E-value  score  bias    exp  N  Model       Description
    ------- ------ -----    ------- ------ -----   ---- --  --------    -----------
   7.2e-127  420.8   0.0   7.9e-127  420.7   0.0    1.0  1  PIRSF006278  
      6e-06   22.9   0.1     0.0011   15.4   0.0    2.8  3  PIRSF038945  
    0.00012   18.4   0.0       0.14    8.2   0.0    2.3  3  PIRSF500824  
    0.00013   18.9   0.1      0.014   12.2   0.0    2.5  3  PIRSF001413  


Domain annotation for each model (and alignments):
>> PIRSF006278  
   #    score  bias  c-Evalue  i-Evalue hmmfrom  hmm to    alifrom  ali to    envfrom  env to     acc
 ---   ------ ----- --------- --------- ------- -------    ------- -------    ------- -------    ----
   1 !  420.7   0.0  9.7e-130  7.9e-127      10     349 ..       2     335 ..       1     338 [] 0.98

  Alignments for each domain:
  == domain 1  score: 420.7 bits;  conditional E-value: 9.7e-130
           PIRSF006278  10 plaklprlsllallpspleplqrlsealggkagvelwvkRdDltspllsG.NKvrkLeyllaealaagadtlvtiGgiqSNhlravAaa 97 
                           +l+++pr +l+++ p+p++pl+rls++lgg  +vel++kR+D++s+l++G NK+rkLeyl++eala+g+dtlv+iGgiqSN++r+vAa+
  sp|A2SLW2|1A1D_METPP   2 NLQRFPRHPLTFG-PTPIQPLKRLSAHLGG--QVELYAKREDCNSGLAFGgNKTRKLEYLIPEALAQGCDTLVSIGGIQSNQTRQVAAV 87 
                           689**********.****************..9******************************************************** PP

           PIRSF006278  98 arrlGletvlvlrgetldaadavtllvgnvllsrllgaevklykegsdeagleaalealleklraegkrpYvIpeGgsns.lGalGyae 185
                           a++lG+++vlv+++++ +++dav+++vgn+ +sr+lga+v+l ++g+d +g++ ++e++ + +ra+g +p+ Ip+G+s++ lG+lG++ 
  sp|A2SLW2|1A1D_METPP  88 AAHLGMKCVLVQENWV-NYSDAVYDRVGNIEMSRILGADVRLDAAGFD-IGIRPSWEQAMADVRAAGGKPFPIPAGCSEHrLGGLGFVG 174
                           ***************6.6******************************.9*************************************** PP

           PIRSF006278 186 laleieeqlreqlglkfdtvvvacGtGgTlAGlvaGfalaqkaervig.dasvkvletkeaqvlriarvtaeligleegadvtredvkl 273
                           +a+e+++q+  +lg kfd++vv+++tG+T+AG+v+Gfa++++aervig das+k+ +t +aq+lria+ tael+gl ++  +t +dv+l
  sp|A2SLW2|1A1D_METPP 175 FAEEVRAQEA-ELGFKFDYIVVCSVTGSTQAGMVVGFAADGRAERVIGiDASAKPEQT-HAQILRIAQNTAELVGLGRE--ITAQDVVL 259
                           **********.99***********************************8888888887.66****************98..9******* PP

           PIRSF006278 274 ddrfagggYgkldeelleaiaklaqeeGvildpVYtgKalaglidlirkgefkrgsrvlfihtGGllalrayedif 349
                           d+r+ g++Yg ++e +leai+ +a++eG+++dpVY+gK+++g+id +++gef+ gsrvl++h+GG+ al+ay+  f
  sp|A2SLW2|1A1D_METPP 260 DTRYGGPEYGLPSEGTLEAIRLCARQEGMLTDPVYEGKSMHGMIDKVKRGEFPAGSRVLYAHLGGVPALNAYSFLF 335
                           ************************************************************************9877 PP

>> PIRSF038945  
   #    score  bias  c-Evalue  i-Evalue hmmfrom  hmm to    alifrom  ali to    envfrom  env to     acc
 ---   ------ ----- --------- --------- ------- -------    ------- -------    ------- -------    ----
   1 !   15.4   0.0   1.4e-06    0.0011      34     115 ..      11      98 ..       3     106 .. 0.85
   2 ?    0.8   0.3     0.038        31      88     109 ..     193     214 ..     180     257 .. 0.72
   3 !    3.3   0.1    0.0066       5.4     278     323 ..     272     318 ..     197     325 .. 0.72

  Alignments for each domain:
  == domain 1  score: 15.4 bits;  conditional E-value: 1.4e-06
           PIRSF038945  34 lkeGntplveaerlskevG.vlevylkleGlnPtgsf...kDrGmtvavskaleaGakavvCas..tGntsasaaayaaraGleafvl 115
                           l+ G tp+ + +rls+++G  +e+y k e +n   +f   k r +   + +al++G    v       n +  +aa aa+ G++++++
  sp|A2SLW2|1A1D_METPP  11 LTFGPTPIQPLKRLSAHLGgQVELYAKREDCNSGLAFggnKTRKLEYLIPEALAQGCDTLVSIGgiQSNQTRQVAAVAAHLGMKCVLV 98 
                           56699*************9679**********986665559***************99887643116799999************876 PP

  == domain 2  score: 0.8 bits;  conditional E-value: 0.038
           PIRSF038945  88 avvCastGntsasaaayaaraG 109
                            vvC+ tG t a +    a+ G
  sp|A2SLW2|1A1D_METPP 193 IVVCSVTGSTQAGMVVGFAADG 214
                           5899999999999876444444 PP

  == domain 3  score: 3.3 bits;  conditional E-value: 0.0066
           PIRSF038945 278 DeeileakrllaakeGifvepa.saasvaGllklaeegliasastvv 323
                            e  lea rl a++eG+ ++p     s+ G++  ++ g  +++s+v+
  sp|A2SLW2|1A1D_METPP 272 SEGTLEAIRLCARQEGMLTDPVyEGKSMHGMIDKVKRGEFPAGSRVL 318
                           56689****************835789*****999999999988876 PP

>> PIRSF500824  
   #    score  bias  c-Evalue  i-Evalue hmmfrom  hmm to    alifrom  ali to    envfrom  env to     acc
 ---   ------ ----- --------- --------- ------- -------    ------- -------    ------- -------    ----
   1 !    8.2   0.0   0.00017      0.14      79     157 ..      14      96 ..       8     128 .. 0.65
   2 !    7.8   0.0   0.00024      0.19     245     305 ..     178     234 ..     172     253 .. 0.87
   3 ?   -4.0   0.0      0.88   7.2e+02     365     384 ..     273     292 ..     270     311 .. 0.75

  Alignments for each domain:
  == domain 1  score: 8.2 bits;  conditional E-value: 0.00017
           PIRSF500824  79 RptPliRAkrlEkalgtpakiyfkrEgvsptGshkintaiaqayyakk...egvkelvtetGAGq.WGsalalaaalfglkak 157
                            ptP+   krl ++lg ++++y krE+ +   ++  n +    y + +   +g+++lv+  G        +a+ aa +g+k+ 
  sp|A2SLW2|1A1D_METPP  14 GPTPIQPLKRLSAHLGGQVELYAKREDCNSGLAFGGNKTRKLEYLIPEalaQGCDTLVSIGGIQSnQTRQVAAVAAHLGMKCV 96 
                           69*************************99877776666666666543311155666665555432023345555566666665 PP

  == domain 2  score: 7.8 bits;  conditional E-value: 0.00024
           PIRSF500824 245 EakkqlellgekpdvvigcvGgGsnfgglalPflkeklkkkkkvrfiaveseavPkltkge 305
                           E + q + lg k d+++ c  +Gs  +g+++ f ++  ++    r+i+++++a P+ t+++
  sp|A2SLW2|1A1D_METPP 178 EVRAQEAELGFKFDYIVVCSVTGSTQAGMVVGFAADGRAE----RVIGIDASAKPEQTHAQ 234
                           6678889999***********************9998886....99999999999988765 PP

  == domain 3  score: -4.0 bits;  conditional E-value: 0.88
           PIRSF500824 365 eevfeaaklfaktegivpAP 384
                           e ++ea++l a+ eg++  P
  sp|A2SLW2|1A1D_METPP 273 EGTLEAIRLCARQEGMLTDP 292
                           55789999999999999877 PP

>> PIRSF001413  
   #    score  bias  c-Evalue  i-Evalue hmmfrom  hmm to    alifrom  ali to    envfrom  env to     acc
 ---   ------ ----- --------- --------- ------- -------    ------- -------    ------- -------    ----
   1 !   12.2   0.0   1.7e-05     0.014      70     147 ..      15      97 ..       4     133 .. 0.75
   2 !    3.7   0.1    0.0063       5.2     228     283 ..     180     235 ..     173     256 .. 0.71
   3 ?   -2.7   0.0      0.55   4.5e+02     345     361 ..     273     289 ..     269     293 .. 0.86

  Alignments for each domain:
  == domain 1  score: 12.2 bits;  conditional E-value: 1.7e-05
           PIRSF001413  70 Ptpliraknlekklgga.kiYlKrEdlthtGaHKiNnalgqall...AkkmgkkrviaETGAGQ.hGvAlalaaAllglecei 147
                           Ptp+   k+l+  lgg+ ++Y KrEd + + a   N++    +l   A ++g + +++  G        +a++aA lg++c +
  sp|A2SLW2|1A1D_METPP  15 PTPIQPLKRLSAHLGGQvELYAKREDCNSGLAFGGNKTRKLEYLipeALAQGCDTLVSIGGIQSnQTRQVAAVAAHLGMKCVL 97 
                           9***************99**********9877766666554444344667899999988776431345688899999999975 PP

  == domain 2  score: 3.7 bits;  conditional E-value: 0.0063
           PIRSF001413 228 kkqlkeelkeepdvliacVGGGSNaaglfypfikdekv.klikveaggiavetgepa 283
                           ++q  e l+ + d+++ c   GS  ag++  f  d +  ++i+++a  +  +t+++ 
  sp|A2SLW2|1A1D_METPP 180 RAQEAE-LGFKFDYIVVCSVTGSTQAGMVVGFAADGRAeRVIGIDASAKPEQTHAQI 235
                           444443.34566*********************998751566666665555555554 PP

  == domain 3  score: -2.7 bits;  conditional E-value: 0.55
           PIRSF001413 345 eealealkllakeeGiv 361
                           e  lea++l a++eG++
  sp|A2SLW2|1A1D_METPP 273 EGTLEAIRLCARQEGML 289
                           7789***********86 PP



Internal pipeline statistics summary:
-------------------------------------
Query sequence(s):                         1  (129 residues searched)
Target model(s):                        3283  (1300715 nodes)
Passed MSV filter:                       100  (0.0304599); expected 65.7 (0.02)
Passed bias filter:                       35  (0.010661); expected 65.7 (0.02)
Passed Vit filter:                         4  (0.0012184); expected 3.3 (0.001)
Passed Fwd filter:                         1  (0.000304599); expected 0.0 (1e-05)
Initial search space (Z):               3283  [actual number of targets]
Domain search space  (domZ):               0  [number of targets reported over threshold]
# CPU time: 0.04u 0.03s 00:00:00.07 Elapsed: 00:00:00.04
# Mc/sec: 4058.76
//
[ok]
