{
    "Should run without failures": {
        "content": [
            {
                "0": [
                    "hmmer_parsed_pirsf_out.json.post.processed.json:md5,99914b932bd37a50b983c5e7c90ae93b"
                ]
            }
        ],
        "meta": {
            "nf-test": "0.8.4",
            "nextflow": "24.04.2"
        },
        "timestamp": "2024-09-23T15:50:53.92941"
    }
}