{
    "Test Function printHelp": {
        "content": [
            "\n    Usage example:\n        nextflow run interproscan.nf --input <path to fasta file>\n\n    Params options:\n        --applications <ANALYSES>          Optional, comma separated - without spaces - list of analysis methods (i.e. member databases/applications).\n                                            If this option is not set, ALL analyses will be run.\n        --disable_precalc                  Optional. Disables use of the precalculated match lookup service.\n                                            All match calculations will be run locally.\n        --formats <FORMATS> Optional, comma separated - without spaces - list of output formats.\n        --goterms Optional. Include GO terms in the output.\n        --help                             Optional, display help information\n        --input <INPUT-FILE-PATH>          [REQUIRED] Path to fasta file that should be loaded on Master startup.\n        --nucleic                          Optional. Input comprises nucleic acid sequences.\n        --output <OUTPUT-FILE-PATH>        Optional. Path to the output file.\n                                            If this option is not set, the output will be write on results/ folder.\n        --pathways Optional. Include pathway information in the output.\n    "
        ],
        "meta": {
            "nf-test": "0.8.4",
            "nextflow": "23.10.1"
        },
        "timestamp": "2024-04-30T08:55:54.9157"
    }
}