Sequence: UPI0002E0D40B
Domains:
SFLDS00057	0.000e+00	2.349e+02	1.300	3	332	234.700	46	367	44	370	0.000e+00	0.000e+00	0.910	1.300
Sites:
SFLDS00057 T60 nucleophile
SFLDS00057 T163 general acid/base
// 
